// Jest Snapshot v1, https://goo.gl/fbAQLP

exports[`Transactions tests Transactions page displays an empty view when no enough data is available 1`] = `
<div
  class="hHSwWn"
  data-testid="scrollview-transactions"
>
  <header
    class="kVxPac"
  >
    <div
      class="cbdbMT"
    >
      <div
        class="jGiENK"
      >
        <h1
          class="wbtfl"
          title="Transactions"
        >
          Transactions
        </h1>
      </div>
      <nav>
        <nav
          class="evIijI"
        >
          <button
            class="eVxMpZ"
            type="button"
          >
            Add transaction
          </button>
          <button
            class="eVxMpZ"
            type="button"
          >
            Import
          </button>
          <hr
            class="eJgmMW"
          />
          <div
            class="fldryk iTItLc css-2b097c-container"
          >
            <span
              aria-atomic="false"
              aria-live="polite"
              aria-relevant="additions text"
              class="css-1f43avz-a11yText-A11yText"
            />
            <div
              class="select__control css-yk16xz-control"
            >
              <div
                class="select__value-container select__value-container--has-value css-g1d714-ValueContainer"
              >
                <div
                  class="select__single-value css-1uccc91-singleValue"
                >
                  Last 3 months
                </div>
                <input
                  aria-autocomplete="list"
                  class="css-wmatm6-dummyInput-DummyInput"
                  id="react-select-2-input"
                  readonly=""
                  tabindex="0"
                  value=""
                />
              </div>
              <div
                class="select__indicators css-1hb7zxy-IndicatorsContainer"
              >
                <span
                  class="select__indicator-separator css-1okebmr-indicatorSeparator"
                />
                <div
                  aria-hidden="true"
                  class="select__indicator select__dropdown-indicator css-tlfecz-indicatorContainer"
                >
                  <svg
                    aria-hidden="true"
                    class="css-tj5bde-Svg"
                    focusable="false"
                    height="20"
                    viewBox="0 0 20 20"
                    width="20"
                  >
                    <path
                      d="M4.516 7.548c0.436-0.446 1.043-0.481 1.576 0l3.908 3.747 3.908-3.747c0.533-0.481 1.141-0.446 1.574 0 0.436 0.445 0.408 1.197 0 1.615-0.406 0.418-4.695 4.502-4.695 4.502-0.217 0.223-0.502 0.335-0.787 0.335s-0.57-0.112-0.789-0.335c0 0-4.287-4.084-4.695-4.502s-0.436-1.17 0-1.615z"
                    />
                  </svg>
                </div>
              </div>
            </div>
          </div>
        </nav>
      </nav>
    </div>
  </header>
  <main
    class="iLArhq"
  >
    <div
      class="dOahFo"
    >
      <header
        class="hfAFDf"
      >
        <h2
          class="dYdCgw"
        >
          Browse transactions
        </h2>
        <div>
          <nav
            class="dDdRjc"
          >
            <div
              class="dAAFPm"
            >
              all
            </div>
            <div
              class="gDxUWx"
            >
              credits
            </div>
            <div
              class="gDxUWx"
            >
              debits
            </div>
          </nav>
        </div>
      </header>
      <div
        class="ftEOHx"
      >
        <nav
          class="bvkVPF"
        >
          <input
            class="hvhRRC"
            placeholder="Type to filter by date, description, category, account or amount"
            value=""
          />
          <div
            class="eRlbCM"
          >
            <div
              class="hzBHfb"
              data-testid="card-transactions"
            >
              <p
                class="bXnesS"
              >
                Transactions
              </p>
              <p
                class="hfeHrb"
              >
                0
              </p>
            </div>
            <div
              class="hzBHfb"
              data-testid="card-net-balance"
            >
              <p
                class="bXnesS"
              >
                Net balance
              </p>
              <span
                appearance="0"
                class="lcpzDX"
              >
                $0
              </span>
            </div>
          </div>
        </nav>
        <table
          class="epmggY"
          role="table"
        >
          <thead>
            <tr
              class="dlazae"
              role="row"
            >
              <th
                class="fjGJkg"
                colspan="1"
                role="columnheader"
                style="cursor: pointer;"
                title="Toggle SortBy"
              >
                <div>
                  Date
                  <div
                    class="bYMPbw"
                  >
                    â–¼
                  </div>
                </div>
              </th>
              <th
                class="fCiLLn"
                colspan="1"
                role="columnheader"
                style="cursor: pointer;"
                title="Toggle SortBy"
              >
                <div>
                  Description
                  <div
                    class="bYMPbw"
                  />
                </div>
              </th>
              <th
                class="fCiLLn"
                colspan="1"
                role="columnheader"
                style="cursor: pointer;"
                title="Toggle SortBy"
              >
                <div>
                  Category
                  <div
                    class="bYMPbw"
                  />
                </div>
              </th>
              <th
                class="fCiLLn"
                colspan="1"
                role="columnheader"
                style="cursor: pointer;"
                title="Toggle SortBy"
              >
                <div>
                  Account
                  <div
                    class="bYMPbw"
                  />
                </div>
              </th>
              <th
                class="glSWPn"
                colspan="1"
                role="columnheader"
                style="cursor: pointer;"
                title="Toggle SortBy"
              >
                <div>
                  Amount
                  <div
                    class="bYMPbw"
                  />
                </div>
              </th>
            </tr>
          </thead>
          <tbody>
            <tr>
              <td
                class="ggkxz"
                colspan="1000"
              >
                <div
                  class="dKuPRQ fCXMoP"
                >
                  No transactions were found
                </div>
              </td>
            </tr>
          </tbody>
        </table>
      </div>
    </div>
  </main>
</div>
`;
